
> btraffic-agency@1.0.0 build
> next build

   Ôû▓ Next.js 15.2.8
   - Environments: .env.local

   Creating an optimized production build ...
 Ô£ô Compiled successfully
   Linting and checking validity of types ...
   Collecting page data ...
   Generating static pages (0/16) ...
node.exe :  Ô¿» 
useSearchParams() should 
be wrapped in a suspense 
boundary at page 
"/portal/dashboard". Read 
more: https://nextjs.org/do
cs/messages/missing-suspens
e-with-csr-bailout
En C:\Program 
Files\nodejs\npm.ps1: 29 
Carácter: 3
+   & $NODE_EXE 
$NPM_CLI_JS $args
+   ~~~~~~~~~~~~~~~~~~~~~~~
~~~~~~
    + CategoryInfo         
     : NotSpecified: ( Ô¿  
  » useSearchP...ith-csr   
 -bailout:String) [], R    
emoteException
    + FullyQualifiedErrorI 
   d : NativeCommandError
 
    at o (D:\btraffic 2.0\0
1_Apps\agency-web\.next\ser
ver\chunks\285.js:3:11885)
    at d (D:\btraffic 2.0\0
1_Apps\agency-web\.next\ser
ver\chunks\285.js:5:31985)
    at N (D:\btraffic 2.0\0
1_Apps\agency-web\.next\ser
ver\app\portal\dashboard\pa
ge.js:1:2898)
    at nL (D:\btraffic 2.0\
01_Apps\agency-web\node_mod
ules\next\dist\compiled\nex
t-server\app-page.runtime.p
rod.js:76:46773)
    at nF (D:\btraffic 2.0\
01_Apps\agency-web\node_mod
ules\next\dist\compiled\nex
t-server\app-page.runtime.p
rod.js:76:48548)
    at nq (D:\btraffic 2.0\
01_Apps\agency-web\node_mod
ules\next\dist\compiled\nex
t-server\app-page.runtime.p
rod.js:76:67434)
    at nH (D:\btraffic 2.0\
01_Apps\agency-web\node_mod
ules\next\dist\compiled\nex
t-server\app-page.runtime.p
rod.js:76:65009)
    at nU (D:\btraffic 2.0\
01_Apps\agency-web\node_mod
ules\next\dist\compiled\nex
t-server\app-page.runtime.p
rod.js:76:47125)
    at nF (D:\btraffic 2.0\
01_Apps\agency-web\node_mod
ules\next\dist\compiled\nex
t-server\app-page.runtime.p
rod.js:76:48594)
    at nF (D:\btraffic 2.0\
01_Apps\agency-web\node_mod
ules\next\dist\compiled\nex
t-server\app-page.runtime.p
rod.js:76:64360)
Error occurred 
prerendering page 
"/portal/dashboard". Read 
more: https://nextjs.org/do
cs/messages/prerender-error
Export encountered an 
error on 
/portal/dashboard/page: 
/portal/dashboard, exiting 
the build.
   Generating static pages (4/16) 
 Ô¿» Next.js build worker 
exited with code: 1 and 
signal: null
